// Jest Snapshot v1, https://goo.gl/fbAQLP

exports[`<Carousel/> should render without props 1`] = `<styled.div />`;
